```
target
    should contain any (case insensitive comparison)
"Bart, Marge"
    but was actually
"Homer"
```
